[[1;34mINFO[m] Scanning for projects...
[[1;34mINFO[m] 
[[1;34mINFO[m] [1m----------------------------< [0;36mcom.bank:api[0;1m >----------------------------[m
[[1;34mINFO[m] [1mBuilding api 0.0.1-SNAPSHOT[m
[[1;34mINFO[m] [1m--------------------------------[ jar ]---------------------------------[m
[[1;34mINFO[m] 
[[1;34mINFO[m] [1m>>> [0;32mspring-boot-maven-plugin:3.2.4:run[m [1m(default-cli)[0;1m > [0;1mtest-compile[m @ [36mapi[0;1m >>>[m
[[1;34mINFO[m] 
[[1;34mINFO[m] [1m--- [0;32mmaven-resources-plugin:3.3.1:resources[m [1m(default-resources)[m @ [36mapi[0;1m ---[m
[[1;34mINFO[m] Copying 1 resource from src/main/resources to target/classes
[[1;34mINFO[m] Copying 0 resource from src/main/resources to target/classes
[[1;34mINFO[m] 
[[1;34mINFO[m] [1m--- [0;32mmaven-compiler-plugin:3.11.0:compile[m [1m(default-compile)[m @ [36mapi[0;1m ---[m
[[1;34mINFO[m] Nothing to compile - all classes are up to date
[[1;34mINFO[m] 
[[1;34mINFO[m] [1m--- [0;32mmaven-resources-plugin:3.3.1:testResources[m [1m(default-testResources)[m @ [36mapi[0;1m ---[m
[[1;34mINFO[m] skip non existing resourceDirectory /home/shreshtha-kumar/Desktop/Projects/FinSpark26v2/BankOfCaptcha/backend/src/test/resources
[[1;34mINFO[m] 
[[1;34mINFO[m] [1m--- [0;32mmaven-compiler-plugin:3.11.0:testCompile[m [1m(default-testCompile)[m @ [36mapi[0;1m ---[m
[[1;34mINFO[m] No sources to compile
[[1;34mINFO[m] 
[[1;34mINFO[m] [1m<<< [0;32mspring-boot-maven-plugin:3.2.4:run[m [1m(default-cli)[0;1m < [0;1mtest-compile[m @ [36mapi[0;1m <<<[m
[[1;34mINFO[m] 
[[1;34mINFO[m] 
[[1;34mINFO[m] [1m--- [0;32mspring-boot-maven-plugin:3.2.4:run[m [1m(default-cli)[m @ [36mapi[0;1m ---[m
[[1;34mINFO[m] Attaching agents: []

  .   ____          _            __ _ _
 /\\ / ___'_ __ _ _(_)_ __  __ _ \ \ \ \
( ( )\___ | '_ | '_| | '_ \/ _` | \ \ \ \
 \\/  ___)| |_)| | | | | || (_| |  ) ) ) )
  '  |____| .__|_| |_|_| |_\__, | / / / /
 =========|_|==============|___/=/_/_/_/
 :: Spring Boot ::                (v3.2.4)

2026-07-15T15:43:49.082+05:30  INFO 26946 --- [api] [           main] com.bank.api.ApiApplication              : Starting ApiApplication using Java 21.0.11 with PID 26946 (/home/shreshtha-kumar/Desktop/Projects/FinSpark26v2/BankOfCaptcha/backend/target/classes started by shreshtha-kumar in /home/shreshtha-kumar/Desktop/Projects/FinSpark26v2/BankOfCaptcha/backend)
2026-07-15T15:43:49.087+05:30  INFO 26946 --- [api] [           main] com.bank.api.ApiApplication              : No active profile set, falling back to 1 default profile: "default"
2026-07-15T15:43:49.935+05:30  INFO 26946 --- [api] [           main] .s.d.r.c.RepositoryConfigurationDelegate : Bootstrapping Spring Data JPA repositories in DEFAULT mode.
2026-07-15T15:43:50.022+05:30  INFO 26946 --- [api] [           main] .s.d.r.c.RepositoryConfigurationDelegate : Finished Spring Data repository scanning in 76 ms. Found 9 JPA repository interfaces.
2026-07-15T15:43:50.696+05:30  INFO 26946 --- [api] [           main] o.s.b.w.embedded.tomcat.TomcatWebServer  : Tomcat initialized with port 8080 (http)
2026-07-15T15:43:50.723+05:30  INFO 26946 --- [api] [           main] o.apache.catalina.core.StandardService   : Starting service [Tomcat]
2026-07-15T15:43:50.723+05:30  INFO 26946 --- [api] [           main] o.apache.catalina.core.StandardEngine    : Starting Servlet engine: [Apache Tomcat/10.1.19]
2026-07-15T15:43:50.790+05:30  INFO 26946 --- [api] [           main] o.a.c.c.C.[Tomcat].[localhost].[/]       : Initializing Spring embedded WebApplicationContext
2026-07-15T15:43:50.791+05:30  INFO 26946 --- [api] [           main] w.s.c.ServletWebServerApplicationContext : Root WebApplicationContext: initialization completed in 1642 ms
2026-07-15T15:43:50.989+05:30  INFO 26946 --- [api] [           main] o.hibernate.jpa.internal.util.LogHelper  : HHH000204: Processing PersistenceUnitInfo [name: default]
2026-07-15T15:43:51.047+05:30  INFO 26946 --- [api] [           main] org.hibernate.Version                    : HHH000412: Hibernate ORM core version 6.4.4.Final
2026-07-15T15:43:51.093+05:30  INFO 26946 --- [api] [           main] o.h.c.internal.RegionFactoryInitiator    : HHH000026: Second-level cache disabled
2026-07-15T15:43:51.320+05:30  INFO 26946 --- [api] [           main] o.s.o.j.p.SpringPersistenceUnitInfo      : No LoadTimeWeaver setup: ignoring JPA class transformer
2026-07-15T15:43:51.347+05:30  INFO 26946 --- [api] [           main] com.zaxxer.hikari.HikariDataSource       : HikariPool-1 - Starting...
2026-07-15T15:43:51.522+05:30  INFO 26946 --- [api] [           main] com.zaxxer.hikari.pool.HikariPool        : HikariPool-1 - Added connection org.postgresql.jdbc.PgConnection@5f3b84bd
2026-07-15T15:43:51.523+05:30  INFO 26946 --- [api] [           main] com.zaxxer.hikari.HikariDataSource       : HikariPool-1 - Start completed.
2026-07-15T15:43:51.588+05:30  WARN 26946 --- [api] [           main] org.hibernate.orm.deprecation            : HHH90000025: PostgreSQLDialect does not need to be specified explicitly using 'hibernate.dialect' (remove the property setting and it will be selected by default)
2026-07-15T15:43:52.553+05:30  INFO 26946 --- [api] [           main] o.h.e.t.j.p.i.JtaPlatformInitiator       : HHH000489: No JTA platform available (set 'hibernate.transaction.jta.platform' to enable JTA platform integration)
2026-07-15T15:43:52.844+05:30  INFO 26946 --- [api] [           main] j.LocalContainerEntityManagerFactoryBean : Initialized JPA EntityManagerFactory for persistence unit 'default'
2026-07-15T15:43:53.764+05:30  WARN 26946 --- [api] [           main] JpaBaseConfiguration$JpaWebConfiguration : spring.jpa.open-in-view is enabled by default. Therefore, database queries may be performed during view rendering. Explicitly configure spring.jpa.open-in-view to disable this warning
2026-07-15T15:43:53.783+05:30  WARN 26946 --- [api] [           main] .s.s.UserDetailsServiceAutoConfiguration : 

Using generated security password: 50c6affe-00f6-43f2-8a8f-8543f5362617

This generated password is for development use only. Your security configuration must be updated before running your application in production.

2026-07-15T15:43:54.096+05:30  INFO 26946 --- [api] [           main] o.s.s.web.DefaultSecurityFilterChain     : Will secure any request with [org.springframework.security.web.session.DisableEncodeUrlFilter@4c1fed69, org.springframework.security.web.context.request.async.WebAsyncManagerIntegrationFilter@629dfb5a, org.springframework.security.web.context.SecurityContextHolderFilter@52b7c1d9, org.springframework.security.web.header.HeaderWriterFilter@e98adb2, org.springframework.web.filter.CorsFilter@2c955487, org.springframework.security.web.authentication.logout.LogoutFilter@52a9db63, com.bank.api.security.JwtAuthenticationFilter@38ae69f7, org.springframework.security.web.savedrequest.RequestCacheAwareFilter@5d1eb214, org.springframework.security.web.servletapi.SecurityContextHolderAwareRequestFilter@2784145d, org.springframework.security.web.authentication.AnonymousAuthenticationFilter@be9bf2e, org.springframework.security.web.session.SessionManagementFilter@5625ba2, org.springframework.security.web.access.ExceptionTranslationFilter@79a92277, org.springframework.security.web.access.intercept.AuthorizationFilter@2bf0bb93]
2026-07-15T15:43:54.331+05:30  INFO 26946 --- [api] [           main] o.s.b.w.embedded.tomcat.TomcatWebServer  : Tomcat started on port 8080 (http) with context path ''
2026-07-15T15:43:54.338+05:30  INFO 26946 --- [api] [           main] com.bank.api.ApiApplication              : Started ApiApplication in 5.737 seconds (process running for 6.195)
2026-07-15T15:44:28.761+05:30  INFO 26946 --- [api] [nio-8080-exec-1] o.a.c.c.C.[Tomcat].[localhost].[/]       : Initializing Spring DispatcherServlet 'dispatcherServlet'
2026-07-15T15:44:28.768+05:30  INFO 26946 --- [api] [nio-8080-exec-1] o.s.web.servlet.DispatcherServlet        : Initializing Servlet 'dispatcherServlet'
2026-07-15T15:44:28.853+05:30  INFO 26946 --- [api] [nio-8080-exec-1] o.s.web.servlet.DispatcherServlet        : Completed initialization in 79 ms
2026-07-15T15:44:42.654+05:30  INFO 26946 --- [api] [ionShutdownHook] j.LocalContainerEntityManagerFactoryBean : Closing JPA EntityManagerFactory for persistence unit 'default'
2026-07-15T15:44:42.669+05:30  INFO 26946 --- [api] [ionShutdownHook] com.zaxxer.hikari.HikariDataSource       : HikariPool-1 - Shutdown initiated...
2026-07-15T15:44:42.673+05:30  INFO 26946 --- [api] [ionShutdownHook] com.zaxxer.hikari.HikariDataSource       : HikariPool-1 - Shutdown completed.
