
> frontend@0.0.0 dev
> vite


  VITE v8.1.4  ready in 676 ms

  ➜  Local:   http://localhost:5173/
  ➜  Network: use --host to expose
5:13:33 PM [vite] Internal server error: Failed to resolve import "recharts" from "src/components/AlertReviewModal.jsx". Does the file exist?
  Plugin: vite:import-analysis
  File: /home/shreshtha-kumar/Desktop/Projects/FinSpark26v2/BankOfCaptcha/frontend/src/components/AlertReviewModal.jsx:2:127
  1  |  import React, { useEffect, useState } from "react";
  2  |  ...onsiveContainer, BarChart, Bar, PieChart, Pie, Cell } from "recharts";
     |                                                                 ^
  3  |  import { X, AlertTriangle, Activity, Database, PieChart as PieChartIcon, BarChart2 } from "lucide-react";
  4  |  import "./AlertReviewModal.css";
      at TransformPluginContext._formatLog (file:///home/shreshtha-kumar/Desktop/Projects/FinSpark26v2/BankOfCaptcha/frontend/node_modules/vite/dist/node/chunks/node.js:30366:39)
      at TransformPluginContext.error (file:///home/shreshtha-kumar/Desktop/Projects/FinSpark26v2/BankOfCaptcha/frontend/node_modules/vite/dist/node/chunks/node.js:30363:14)
      at normalizeUrl (file:///home/shreshtha-kumar/Desktop/Projects/FinSpark26v2/BankOfCaptcha/frontend/node_modules/vite/dist/node/chunks/node.js:27393:18)
      at async file:///home/shreshtha-kumar/Desktop/Projects/FinSpark26v2/BankOfCaptcha/frontend/node_modules/vite/dist/node/chunks/node.js:27456:30
      at async Promise.all (index 1)
      at async TransformPluginContext.transform (file:///home/shreshtha-kumar/Desktop/Projects/FinSpark26v2/BankOfCaptcha/frontend/node_modules/vite/dist/node/chunks/node.js:27424:4)
      at async EnvironmentPluginContainer.transform (file:///home/shreshtha-kumar/Desktop/Projects/FinSpark26v2/BankOfCaptcha/frontend/node_modules/vite/dist/node/chunks/node.js:30151:14)
      at async loadAndTransform (file:///home/shreshtha-kumar/Desktop/Projects/FinSpark26v2/BankOfCaptcha/frontend/node_modules/vite/dist/node/chunks/node.js:20098:26)
5:13:33 PM [vite] (client) Pre-transform error: Failed to resolve import "recharts" from "src/components/AlertReviewModal.jsx". Does the file exist?
  Plugin: vite:import-analysis
  File: /home/shreshtha-kumar/Desktop/Projects/FinSpark26v2/BankOfCaptcha/frontend/src/components/AlertReviewModal.jsx:2:127
  1  |  import React, { useEffect, useState } from "react";
  2  |  ...onsiveContainer, BarChart, Bar, PieChart, Pie, Cell } from "recharts";
     |                                                                 ^
  3  |  import { X, AlertTriangle, Activity, Database, PieChart as PieChartIcon, BarChart2 } from "lucide-react";
  4  |  import "./AlertReviewModal.css";
5:13:33 PM [vite] (client) Pre-transform error: Failed to resolve import "recharts" from "src/components/AlertReviewModal.jsx". Does the file exist?
  Plugin: vite:import-analysis
  File: /home/shreshtha-kumar/Desktop/Projects/FinSpark26v2/BankOfCaptcha/frontend/src/components/AlertReviewModal.jsx:2:127
  1  |  import React, { useEffect, useState } from "react";
  2  |  ...onsiveContainer, BarChart, Bar, PieChart, Pie, Cell } from "recharts";
     |                                                                 ^
  3  |  import { X, AlertTriangle, Activity, Database, PieChart as PieChartIcon, BarChart2 } from "lucide-react";
  4  |  import "./AlertReviewModal.css";
